Microchip MPLAB XC8 Compiler V3.00

Linker command line:

-W-3 \
  --edf=C:/Users/Anderson L. F. Perez/.mchp_packs/Microchip/PIC18Fxxxx_DFP/1.7.171/xc8\pic\dat\20250117225543_en.msgs \
  -cn -h+dist/default/production\Quadrimotor-Drone-Operating-System.X.production.sym \
  --cmf=dist/default/production\Quadrimotor-Drone-Operating-System.X.production.cmf -z -Q18F4550 \
  -oC:\Users\ANDERS~1.PER\AppData\Local\Temp\xcAseqg.\driver_tmp_3.o \
  --defsym=__MPLAB_BUILD=1 --fixupoverflow=error \
  -Mdist/default/production/Quadrimotor-Drone-Operating-System.X.production.map \
  --md=C:\Users\ANDERS~1.PER\AppData\Local\Temp\xcAseqg.\driver_tmp_0.dat \
  -E1 -ver=XC8 Compiler -ACODE=00h-07FFFh -ACONST=00h-07FFFh \
  -ASMALLCONST=0800h-08FFhx120 -AMEDIUMCONST=0800h-07FFFh -ACOMRAM=01h-05Fh \
  -AABS1=00h-07FFh -ABIGRAM=01h-07FFh -ARAM=060h-0FFh,0100h-01FFhx7 \
  -ABANK0=060h-0FFh -ABANK1=0100h-01FFh -ABANK2=0200h-02FFh \
  -ABANK3=0300h-03FFh -ABANK4=0400h-04FFh -ABANK5=0500h-05FFh \
  -ABANK6=0600h-06FFh -ABANK7=0700h-07FFh -ASFR=0F60h-0FFFh \
  -ABIGSFR=0F60h-0FFFh -ACONFIG=0300000h-030000Dh -AIDLOC=0200000h-0200007h \
  -AEEDATA=0F00000h-0F000FFh -peeprom_data=EEDATA \
  -preset_vec=00h,intcode=8h,intcodelo=18h,sivt_lo,sivt_hi=CODE \
  -ppowerup=CODE,init -pramtop=0800h -psmallconst=SMALLCONST \
  -pmediumconst=MEDIUMCONST -pconst=CONST -AFARRAM=00h-00h \
  -prdata=COMRAM,nvrram=COMRAM,nvbit=COMRAM,rbss=COMRAM,rbit=COMRAM \
  -pfarbss=FARRAM,fardata=FARRAM,nvFARRAM=FARRAM \
  -pintsave_regs=BIGRAM,bigbss=BIGRAM,bigdata=BIGRAM -pbss=RAM \
  -pidata=CODE,irdata=CODE,ibigdata=CODE,ifardata=CODE -prparam=COMRAM \
  C:\Users\ANDERS~1.PER\AppData\Local\Temp\xcAseqg.\driver_tmp_9.o \
  dist/default/production\Quadrimotor-Drone-Operating-System.X.production.o 

Object code version is 3.11

Machine type is 18F4550



                Name                               Link     Load   Length Selector   Space Scale
C:\Users\ANDERS~1.PER\AppData\Local\Temp\xcAseqg.\driver_tmp_9.o
                init                                  E        E        4        4       0
                reset_vec                             0        0        4        0       0
dist/default/production\Quadrimotor-Drone-Operating-System.X.production.o
                intcode                               8        8        6        4       0
                temp                                 30       30        1        1       1
                smallconst                          800      800        2      400       0
                text21                              FFE      FFE       88      401       0
                text20                              F50      F50       AE      401       0
                text19                             10D6     10D6       50      401       0
                text18                              DC4      DC4       DE      401       0
                text17                             12EC     12EC        E      401       0
                intcode_body                        802      802      28A      401       0
                text15                             121C     121C       2A      401       0
                text14                              EA2      EA2       AE      401       0
                text13                             1086     1086       50      401       0
                text12                              CE6      CE6       DE      401       0
                text11                             12DE     12DE        E      401       0
                text10                              A8C      A8C      25A      401       0
                text9                              11EE     11EE       2E      401       0
                text8                              126E     126E       26      401       0
                text7                              11C0     11C0       2E      401       0
                text6                              1126     1126       4E      401       0
                text5                              1246     1246       28      401       0
                text4                              1302     1302        4      401       0
                text3                              12B2     12B2       1C      401       0
                text2                              12FA     12FA        8      401       0
                text1                              12CE     12CE       10      401       0
                text0                              1174     1174       4C      401       0
                cstackCOMRAM                          1        1       2F        1       1
                cstackBANK0                          60       60       6F       60       1
                bssBIGRAM                            CF       CF      215       CF       1
                cinit                              1294     1294       1E      401       0

TOTAL           Name                               Link     Load   Length     Space
        CLASS   CODE           
                intcode                               8        8        6         0
                init                                  E        E        4         0
                reset_vec                             0        0        4         0
                text21                              FFE      FFE       88         0
                text20                              F50      F50       AE         0
                text19                             10D6     10D6       50         0
                text18                              DC4      DC4       DE         0
                text17                             12EC     12EC        E         0
                intcode_body                        802      802      28A         0
                text15                             121C     121C       2A         0
                text14                              EA2      EA2       AE         0
                text13                             1086     1086       50         0
                text12                              CE6      CE6       DE         0
                text11                             12DE     12DE        E         0
                text10                              A8C      A8C      25A         0
                text9                              11EE     11EE       2E         0
                text8                              126E     126E       26         0
                text7                              11C0     11C0       2E         0
                text6                              1126     1126       4E         0
                text5                              1246     1246       28         0
                text4                              1302     1302        4         0
                text3                              12B2     12B2       1C         0
                text2                              12FA     12FA        8         0
                text1                              12CE     12CE       10         0
                text0                              1174     1174       4C         0
                cinit                              1294     1294       1E         0

        CLASS   CONST          

        CLASS   SMALLCONST     
                smallconst                          800      800        2         0

        CLASS   MEDIUMCONST    

        CLASS   COMRAM         
                temp                                 30       30        1         1
                cstackCOMRAM                          1        1       2F         1

        CLASS   ABS1           

        CLASS   BIGRAM         
                bssBIGRAM                            CF       CF      215         1

        CLASS   RAM            

        CLASS   BANK0          
                cstackBANK0                          60       60       6F         1

        CLASS   BANK1          

        CLASS   BANK2          

        CLASS   BANK3          

        CLASS   BANK4          

        CLASS   BANK5          

        CLASS   BANK6          

        CLASS   BANK7          

        CLASS   SFR            

        CLASS   BIGSFR         

        CLASS   CONFIG         

        CLASS   IDLOC          

        CLASS   EEDATA         

        CLASS   FARRAM         

        CLASS   HEAP           

        CLASS   STACK          



SEGMENTS        Name                           Load    Length   Top    Selector   Space  Class

                reset_vec                      000000  000004  000004         0       0  CODE    
                cstackCOMRAM                   000001  000030  000031         1       1  COMRAM  
                intcode                        000008  00000A  000012         4       0  CODE    
                cstackBANK0                    000060  00006F  0000CF        60       1  BANK0   
                bssBIGRAM                      0000CF  000215  0002E4        CF       1  BIGRAM  
                smallconst                     000800  000002  000802       400       0  SMALLCON
                intcode_body                   000802  000B04  001306       401       0  CODE    


UNUSED ADDRESS RANGES

        Name                Unused          Largest block    Delta
        BANK2            02E4-02FF             1C
        BANK3            0300-03FF            100
        BANK4            0400-04FF            100
        BANK5            0500-05FF            100
        BANK6            0600-06FF            100
        BANK7            0700-07FF            100
        BIGRAM           0031-005F             2F
                         02E4-07FF            51C
        BIGSFR           0F60-0FFF             A0
        CODE             0004-0007              4
                         0012-07FF            7EE
                         1306-7FFF           6CFA
        COMRAM           0031-005F             2F
        CONFIG           300000-30000D              E
        CONST            0004-0007              4
                         0012-07FF            7EE
                         1306-7FFF           6CFA
        EEDATA           F00000-F000FF            100
        IDLOC            200000-200007              8
        MEDIUMCONST      1306-7FFF           6CFA
        RAM              02E4-07FF            100
        SFR              0F60-0FFF             A0
        SMALLCONST       1306-7FFF            100

                                  Symbol Table

?___awmod                       cstackCOMRAM 001A
?_rr_scheduler                  cstackCOMRAM 0020
?i2___awmod                     cstackCOMRAM 0001
?i2_rr_scheduler                cstackCOMRAM 0007
_BSR                            (abs)        0FE0
_INTCONbits                     (abs)        0FF2
_ISR_TIMER_0                    intcode      0008
_LATDbits                       (abs)        0F8C
_PORTDbits                      (abs)        0F83
_STATUS                         (abs)        0FD8
_STKPTR                         (abs)        0FFC
_T0CONbits                      (abs)        0FD5
_TMR0                           (abs)        0FD6
_TOS                            (abs)        0FFD
_TRISDbits                      (abs)        0F95
_WREG                           (abs)        0FE8
__HRAM                          (abs)        0000
__H__absolute__                 __absolute__ 0000
__Habs1                         abs1         0000
__Hbank0                        bank0        0000
__Hbank1                        bank1        0000
__Hbank2                        bank2        0000
__Hbank3                        bank3        0000
__Hbank4                        bank4        0000
__Hbank5                        bank5        0000
__Hbank6                        bank6        0000
__Hbank7                        bank7        0000
__Hbigbss                       bigbss       0000
__Hbigdata                      bigdata      0000
__Hbigram                       bigram       0000
__Hbigsfr                       bigsfr       0000
__Hbss                          bss          0000
__HbssBIGRAM                    bssBIGRAM    0000
__Hcinit                        cinit        0000
__Hclrtext                      clrtext      0000
__Hcomram                       comram       0000
__Hconfig                       config       0000
__Hconst                        const        0000
__HcstackBANK0                  cstackBANK0  0000
__HcstackCOMRAM                 cstackCOMRAM 0000
__Hdata                         data         0000
__Heeprom_data                  eeprom_data  0000
__Hfarbss                       farbss       0000
__Hfardata                      fardata      0000
__Hheap                         heap         0000
__Hibigdata                     ibigdata     0000
__Hidata                        idata        0000
__Hidloc                        idloc        0000
__Hifardata                     ifardata     0000
__Hinit                         init         0012
__Hintcode                      intcode      000E
__Hintcode_body                 intcode_body 0000
__Hintcodelo                    intcodelo    0018
__Hintentry                     intentry     0000
__Hintret                       intret       0000
__Hintsave_regs                 intsave_regs 0000
__Hirdata                       irdata       0000
__Hmediumconst                  mediumconst  0000
__HnvFARRAM                     nvFARRAM     0000
__Hnvbit                        nvbit        0000
__Hnvrram                       nvrram       0000
__Hparam                        rparam       0000
__Hpowerup                      powerup      0000
__Hram                          ram          0000
__Hramtop                       ramtop       0800
__Hrbit                         rbit         0000
__Hrbss                         rbss         0000
__Hrdata                        rdata        0000
__Hreset_vec                    reset_vec    0004
__Hrparam                       rparam       0000
__Hsfr                          sfr          0000
__Hsivt_hi                      sivt_hi      0000
__Hsivt_lo                      sivt_lo      0018
__Hsmallconst                   smallconst   0802
__Hspace_0                      (abs)        1306
__Hspace_1                      (abs)        02E4
__Hspace_2                      (abs)        0000
__Hspace_4                      (abs)        0000
__Hstack                        stack        0000
__Hstruct                       struct       0000
__Htemp                         temp         0031
__Htext                         text         0000
__Htext0                        text0        0000
__Htext1                        text1        0000
__Htext10                       text10       0000
__Htext11                       text11       0000
__Htext12                       text12       0000
__Htext13                       text13       0000
__Htext14                       text14       0000
__Htext15                       text15       0000
__Htext17                       text17       0000
__Htext18                       text18       0000
__Htext19                       text19       0000
__Htext2                        text2        0000
__Htext20                       text20       0000
__Htext21                       text21       0000
__Htext3                        text3        0000
__Htext4                        text4        0000
__Htext5                        text5        0000
__Htext6                        text6        0000
__Htext7                        text7        0000
__Htext8                        text8        0000
__Htext9                        text9        0000
__LRAM                          (abs)        0001
__L__absolute__                 __absolute__ 0000
__Labs1                         abs1         0000
__Lbank0                        bank0        0000
__Lbank1                        bank1        0000
__Lbank2                        bank2        0000
__Lbank3                        bank3        0000
__Lbank4                        bank4        0000
__Lbank5                        bank5        0000
__Lbank6                        bank6        0000
__Lbank7                        bank7        0000
__Lbigbss                       bigbss       0000
__Lbigdata                      bigdata      0000
__Lbigram                       bigram       0000
__Lbigsfr                       bigsfr       0000
__Lbss                          bss          0000
__LbssBIGRAM                    bssBIGRAM    0000
__Lcinit                        cinit        0000
__Lclrtext                      clrtext      0000
__Lcomram                       comram       0000
__Lconfig                       config       0000
__Lconst                        const        0000
__LcstackBANK0                  cstackBANK0  0000
__LcstackCOMRAM                 cstackCOMRAM 0000
__Ldata                         data         0000
__Leeprom_data                  eeprom_data  0000
__Lfarbss                       farbss       0000
__Lfardata                      fardata      0000
__Lheap                         heap         0000
__Libigdata                     ibigdata     0000
__Lidata                        idata        0000
__Lidloc                        idloc        0000
__Lifardata                     ifardata     0000
__Linit                         init         000E
__Lintcode                      intcode      0008
__Lintcode_body                 intcode_body 0000
__Lintcodelo                    intcodelo    0018
__Lintentry                     intentry     0000
__Lintret                       intret       0000
__Lintsave_regs                 intsave_regs 0000
__Lirdata                       irdata       0000
__Lmediumconst                  mediumconst  0000
__LnvFARRAM                     nvFARRAM     0000
__Lnvbit                        nvbit        0000
__Lnvrram                       nvrram       0000
__Lparam                        rparam       0000
__Lpowerup                      powerup      0000
__Lram                          ram          0000
__Lramtop                       ramtop       0800
__Lrbit                         rbit         0000
__Lrbss                         rbss         0000
__Lrdata                        rdata        0000
__Lreset_vec                    reset_vec    0000
__Lrparam                       rparam       0000
__Lsfr                          sfr          0000
__Lsivt_hi                      sivt_hi      0000
__Lsivt_lo                      sivt_lo      0018
__Lsmallconst                   smallconst   0800
__Lspace_0                      (abs)        0000
__Lspace_1                      (abs)        0000
__Lspace_2                      (abs)        0000
__Lspace_4                      (abs)        0000
__Lstack                        stack        0000
__Lstruct                       struct       0000
__Ltemp                         temp         0030
__Ltext                         text         0000
__Ltext0                        text0        0000
__Ltext1                        text1        0000
__Ltext10                       text10       0000
__Ltext11                       text11       0000
__Ltext12                       text12       0000
__Ltext13                       text13       0000
__Ltext14                       text14       0000
__Ltext15                       text15       0000
__Ltext17                       text17       0000
__Ltext18                       text18       0000
__Ltext19                       text19       0000
__Ltext2                        text2        0000
__Ltext20                       text20       0000
__Ltext21                       text21       0000
__Ltext3                        text3        0000
__Ltext4                        text4        0000
__Ltext5                        text5        0000
__Ltext6                        text6        0000
__Ltext7                        text7        0000
__Ltext8                        text8        0000
__Ltext9                        text9        0000
__S0                            (abs)        1306
__S1                            (abs)        02E4
__S4                            (abs)        0000
__S5                            (abs)        0000
___awmod                        text14       0EA2
___awmod@counter                cstackCOMRAM 001E
___awmod@dividend               cstackCOMRAM 001A
___awmod@divisor                cstackCOMRAM 001C
___awmod@sign                   cstackCOMRAM 001F
___heap_hi                      (abs)        0000
___heap_lo                      (abs)        0000
___inthi_sp                     stack        0000
___inthi_stack_hi               stack        0000
___inthi_stack_lo               stack        0000
___intlo_sp                     stack        0000
___intlo_stack_hi               stack        0000
___intlo_stack_lo               stack        0000
___param_bank                   (abs)        0000
___rparam_used                  (abs)        0001
___sp                           stack        0000
___stack_hi                     stack        0000
___stack_lo                     stack        0000
__accesstop                     (abs)        0060
__activetblptr                  (abs)        0000
__end_of_ISR_TIMER_0            intcode_body 0A8C
__end_of___awmod                text14       0F50
__end_of__initialization        cinit        12A8
__end_of_conf_interrupts        text4        1306
__end_of_conf_timer_0           text3        12CE
__end_of_config_app             text2        1302
__end_of_main                   text0        11C0
__end_of_os_config              text5        126E
__end_of_os_create_task         text6        1174
__end_of_os_delay               text10       0CE6
__end_of_os_idle_task           text7        11EE
__end_of_os_start               text1        12DE
__end_of_os_task_pos            text13       10D6
__end_of_os_task_time_decrease  text21       1086
__end_of_rr_scheduler           text12       0DC4
__end_of_scheduler              text11       12EC
__end_of_tarefa_1               text8        1294
__end_of_tarefa_2               text9        121C
__end_of_tarefa_3               text15       1246
__end_ofi2___awmod              text20       0FFE
__end_ofi2_os_task_pos          text19       1126
__end_ofi2_rr_scheduler         text18       0EA2
__end_ofi2_scheduler            text17       12FA
__initialization                cinit        1294
__mediumconst                   smallconst   0800
__pbssBIGRAM                    bssBIGRAM    00CF
__pcinit                        cinit        1294
__pcstackBANK0                  cstackBANK0  0060
__pcstackCOMRAM                 cstackCOMRAM 0001
__pintcode                      intcode      0008
__pintcode_body                 intcode_body 0802
__psmallconst                   smallconst   0800
__ptext0                        text0        1174
__ptext1                        text1        12CE
__ptext10                       text10       0A8C
__ptext11                       text11       12DE
__ptext12                       text12       0CE6
__ptext13                       text13       1086
__ptext14                       text14       0EA2
__ptext15                       text15       121C
__ptext17                       text17       12EC
__ptext18                       text18       0DC4
__ptext19                       text19       10D6
__ptext2                        text2        12FA
__ptext20                       text20       0F50
__ptext21                       text21       0FFE
__ptext3                        text3        12B2
__ptext4                        text4        1302
__ptext5                        text5        1246
__ptext6                        text6        1126
__ptext7                        text7        11C0
__ptext8                        text8        126E
__ptext9                        text9        11EE
__ramtop                        ramtop       0800
__smallconst                    smallconst   0800
_conf_interrupts                text4        1302
_conf_timer_0                   text3        12B2
_config_app                     text2        12FA
_main                           text0        1174
_os_config                      text5        1246
_os_create_task                 text6        1126
_os_delay                       text10       0A8C
_os_idle_task                   text7        11C0
_os_start                       text1        12CE
_os_task_pos                    text13       1086
_os_task_time_decrease          text21       0FFE
_readyQueue                     bssBIGRAM    00CF
_rr_scheduler                   text12       0CE6
_scheduler                      text11       12DE
_tarefa_1                       text8        126E
_tarefa_2                       text9        11EE
_tarefa_3                       text15       121C
btemp                           temp         0030
end_of_initialization           cinit        12A8
i2___awmod                      text20       0F50
i2___awmod@counter              cstackCOMRAM 0005
i2___awmod@dividend             cstackCOMRAM 0001
i2___awmod@divisor              cstackCOMRAM 0003
i2___awmod@sign                 cstackCOMRAM 0006
i2_os_task_pos                  text19       10D6
i2_rr_scheduler                 text18       0DC4
i2_scheduler                    text17       12EC
i2os_task_pos@i                 cstackCOMRAM 0005
i2os_task_pos@task              cstackCOMRAM 0001
i2rr_scheduler@idle_selected    cstackCOMRAM 000B
i2rr_scheduler@pos_task_running cstackCOMRAM 000C
int$flags                       temp         0030
int_func                        intcode_body 0802
intlevel0                       text         0000
intlevel1                       text         0000
intlevel2                       text         0000
intlevel3                       text         0000
isa$std                         (abs)        0001
isa$xinst                       (abs)        0000
os_create_task@id               cstackBANK0  0064
os_create_task@new_task         cstackBANK0  0065
os_create_task@prior            cstackBANK0  0062
os_create_task@task_f           cstackBANK0  0060
os_delay@time                   cstackCOMRAM 002D
os_task_pos@i                   cstackCOMRAM 001E
os_task_pos@task                cstackCOMRAM 001A
os_task_time_decrease@i         cstackCOMRAM 0002
rr_scheduler@idle_selected      cstackCOMRAM 0024
rr_scheduler@pos_task_running   cstackCOMRAM 0025
stackhi                         (abs)        0000
stacklo                         (abs)        0000
start                           init         000E
start_initialization            cinit        1294
ttemp5                          temp         0031
ttemp6                          temp         0034
ttemp7                          temp         0038
wtemp8                          temp         0031


MODULE INFORMATION

Module		Function		Class		Link	Load	Size
C:\Program Files\Microchip\xc8\v3.00\pic\sources\c99\common\awmod.c
		___awmod       		CODE           	0EA2	0000	174

C:\Program Files\Microchip\xc8\v3.00\pic\sources\c99\common\awmod.c estimated size: 174

kernel.c
		_os_config     		CODE           	1246	0000	40
		_os_start      		CODE           	12CE	0000	16
		_os_task_time_decrease		CODE           	0FFE	0000	136
		_os_task_pos   		CODE           	1086	0000	80
		_os_idle_task  		CODE           	11C0	0000	46

kernel.c estimated size: 318

shared
		i2_os_task_pos 		CODE           	10D6	0000	80
		__initialization		CODE           	1294	0000	20
		i2___awmod     		CODE           	0F50	0000	174
		i2_scheduler   		CODE           	12EC	0000	14
		i2_rr_scheduler		CODE           	0DC4	0000	222

shared estimated size: 510

hardware.c
		_conf_timer_0  		CODE           	12B2	0000	28
		_conf_interrupts		CODE           	1302	0000	4
		_ISR_TIMER_0   		CODE           	0008	0000	656

hardware.c estimated size: 688

scheduler.c
		_rr_scheduler  		CODE           	0CE6	0000	222
		_scheduler     		CODE           	12DE	0000	14

scheduler.c estimated size: 236

main.c
		_main          		CODE           	1174	0000	76

main.c estimated size: 76

syscall.c
		_os_delay      		CODE           	0A8C	0000	602
		_os_create_task		CODE           	1126	0000	78

syscall.c estimated size: 680

user_app.c
		_tarefa_1      		CODE           	126E	0000	38
		_tarefa_2      		CODE           	11EE	0000	46
		_tarefa_3      		CODE           	121C	0000	42
		_config_app    		CODE           	12FA	0000	8

user_app.c estimated size: 134

