Microchip MPLAB XC8 Compiler V3.00

Linker command line:

-W-3 \
  --edf=C:/Program Files/Microchip/MPLABX/v6.25/packs/Microchip/PIC18Fxxxx_DFP/1.7.171/xc8\pic\dat\20250117225543_en.msgs \
  -cn \
  -h+dist/default/production\Quadrimotor-Drone-Operating-System.production.sym \
  --cmf=dist/default/production\Quadrimotor-Drone-Operating-System.production.cmf \
  -z -Q18F4550 -oC:\Users\debor\AppData\Local\Temp\xcAs1ljs.\driver_tmp_3.o \
  --defsym=__MPLAB_BUILD=1 --fixupoverflow=error \
  -Mdist/default/production/Quadrimotor-Drone-Operating-System.production.map \
  --md=C:\Users\debor\AppData\Local\Temp\xcAs1ljs.\driver_tmp_0.dat -E1 \
  -ver=XC8 Compiler -ACODE=00h-07FFFh -ACONST=00h-07FFFh \
  -ASMALLCONST=0800h-08FFhx120 -AMEDIUMCONST=0800h-07FFFh -ACOMRAM=01h-05Fh \
  -AABS1=00h-07FFh -ABIGRAM=01h-07FFh -ARAM=060h-0FFh,0100h-01FFhx7 \
  -ABANK0=060h-0FFh -ABANK1=0100h-01FFh -ABANK2=0200h-02FFh \
  -ABANK3=0300h-03FFh -ABANK4=0400h-04FFh -ABANK5=0500h-05FFh \
  -ABANK6=0600h-06FFh -ABANK7=0700h-07FFh -ASFR=0F60h-0FFFh \
  -ABIGSFR=0F60h-0FFFh -ACONFIG=0300000h-030000Dh -AIDLOC=0200000h-0200007h \
  -AEEDATA=0F00000h-0F000FFh -peeprom_data=EEDATA \
  -preset_vec=00h,intcode=8h,intcodelo=18h,sivt_lo,sivt_hi=CODE \
  -ppowerup=CODE,init -pramtop=0800h -psmallconst=SMALLCONST \
  -pmediumconst=MEDIUMCONST -pconst=CONST -AFARRAM=00h-00h \
  -prdata=COMRAM,nvrram=COMRAM,nvbit=COMRAM,rbss=COMRAM,rbit=COMRAM \
  -pfarbss=FARRAM,fardata=FARRAM,nvFARRAM=FARRAM \
  -pintsave_regs=BIGRAM,bigbss=BIGRAM,bigdata=BIGRAM -pbss=RAM \
  -pidata=CODE,irdata=CODE,ibigdata=CODE,ifardata=CODE -prparam=COMRAM \
  C:\Users\debor\AppData\Local\Temp\xcAs1ljs.\driver_tmp_9.o \
  dist/default/production\Quadrimotor-Drone-Operating-System.production.o 

Object code version is 3.11

Machine type is 18F4550



                Name                               Link     Load   Length Selector   Space Scale
C:\Users\debor\AppData\Local\Temp\xcAs1ljs.\driver_tmp_9.o
                init                                  E        E        4        4       0
                reset_vec                             0        0        4        0       0
dist/default/production\Quadrimotor-Drone-Operating-System.production.o
                intcode                               8        8        6        4       0
                temp                                 3C       3C        1        1       1
                smallconst                          800      800        2      400       0
                text18                              DC0      DC0       88      401       0
                text17                              C4E      C4E       D2      401       0
                text16                             1020     1020        E      401       0
                intcode_body                        802      802      28A      401       0
                text14                              F28      F28       2C      401       0
                text13                              B7A      B7A       D4      401       0
                text12                             1010     1010       10      401       0
                text11                              D20      D20       A0      401       0
                text10                              A8C      A8C       EE      401       0
                text9                               EFC      EFC       2C      401       0
                text8                               ECE      ECE       2E      401       0
                text7                               E48      E48       4E      401       0
                text6                               F7E      F7E       28      401       0
                text5                              102E     102E        4      401       0
                text4                               FCC      FCC       1C      401       0
                text3                               FA6      FA6       26      401       0
                text2                               FE8      FE8       18      401       0
                text1                              1000     1000       10      401       0
                text0                               E96      E96       38      401       0
                cstackCOMRAM                         1F       1F       1D        1       1
                cstackBANK0                          60       60       87       60       1
                bssBIGRAM                            E7       E7      215       E7       1
                bssCOMRAM                             1        1       1E        1       1
                cinit                               F54      F54       2A      401       0

TOTAL           Name                               Link     Load   Length     Space
        CLASS   CODE           
                intcode                               8        8        6         0
                init                                  E        E        4         0
                reset_vec                             0        0        4         0
                text18                              DC0      DC0       88         0
                text17                              C4E      C4E       D2         0
                text16                             1020     1020        E         0
                intcode_body                        802      802      28A         0
                text14                              F28      F28       2C         0
                text13                              B7A      B7A       D4         0
                text12                             1010     1010       10         0
                text11                              D20      D20       A0         0
                text10                              A8C      A8C       EE         0
                text9                               EFC      EFC       2C         0
                text8                               ECE      ECE       2E         0
                text7                               E48      E48       4E         0
                text6                               F7E      F7E       28         0
                text5                              102E     102E        4         0
                text4                               FCC      FCC       1C         0
                text3                               FA6      FA6       26         0
                text2                               FE8      FE8       18         0
                text1                              1000     1000       10         0
                text0                               E96      E96       38         0
                cinit                               F54      F54       2A         0

        CLASS   CONST          

        CLASS   SMALLCONST     
                smallconst                          800      800        2         0

        CLASS   MEDIUMCONST    

        CLASS   COMRAM         
                temp                                 3C       3C        1         1
                cstackCOMRAM                         1F       1F       1D         1
                bssCOMRAM                             1        1       1E         1

        CLASS   ABS1           

        CLASS   BIGRAM         
                bssBIGRAM                            E7       E7      215         1

        CLASS   RAM            

        CLASS   BANK0          
                cstackBANK0                          60       60       87         1

        CLASS   BANK1          

        CLASS   BANK2          

        CLASS   BANK3          

        CLASS   BANK4          

        CLASS   BANK5          

        CLASS   BANK6          

        CLASS   BANK7          

        CLASS   SFR            

        CLASS   BIGSFR         

        CLASS   CONFIG         

        CLASS   IDLOC          

        CLASS   EEDATA         

        CLASS   FARRAM         

        CLASS   HEAP           

        CLASS   STACK          



SEGMENTS        Name                           Load    Length   Top    Selector   Space  Class

                reset_vec                      000000  000004  000004         0       0  CODE    
                bssCOMRAM                      000001  00003C  00003D         1       1  COMRAM  
                intcode                        000008  00000A  000012         4       0  CODE    
                cstackBANK0                    000060  000087  0000E7        60       1  BANK0   
                bssBIGRAM                      0000E7  000215  0002FC        E7       1  BIGRAM  
                smallconst                     000800  000002  000802       400       0  SMALLCON
                intcode_body                   000802  000830  001032       401       0  CODE    


UNUSED ADDRESS RANGES

        Name                Unused          Largest block    Delta
        BANK2            02FC-02FF              4
        BANK3            0300-03FF            100
        BANK4            0400-04FF            100
        BANK5            0500-05FF            100
        BANK6            0600-06FF            100
        BANK7            0700-07FF            100
        BIGRAM           003D-005F             23
                         02FC-07FF            504
        BIGSFR           0F60-0FFF             A0
        CODE             0004-0007              4
                         0012-07FF            7EE
                         1032-7FFF           6FCE
        COMRAM           003D-005F             23
        CONFIG           300000-30000D              E
        CONST            0004-0007              4
                         0012-07FF            7EE
                         1032-7FFF           6FCE
        EEDATA           F00000-F000FF            100
        IDLOC            200000-200007              8
        MEDIUMCONST      1032-7FFF           6FCE
        RAM              02FC-07FF            100
        SFR              0F60-0FFF             A0
        SMALLCONST       1032-7FFF            100

                                  Symbol Table

?_mutex_lock                                   cstackBANK0  0074
?_priority_scheduler                           cstackBANK0  0072
?i2_priority_scheduler                         cstackCOMRAM 001F
_BSR                                           (abs)        0FE0
_INTCONbits                                    (abs)        0FF2
_ISR_TIMER_0                                   intcode      0008
_LATDbits                                      (abs)        0F8C
_PORTDbits                                     (abs)        0F83
_STATUS                                        (abs)        0FD8
_STKPTR                                        (abs)        0FFC
_T0CONbits                                     (abs)        0FD5
_TMR0                                          (abs)        0FD6
_TOS                                           (abs)        0FFD
_TRISDbits                                     (abs)        0F95
_WREG                                          (abs)        0FE8
__HRAM                                         (abs)        0000
__H__absolute__                                __absolute__ 0000
__Habs1                                        abs1         0000
__Hbank0                                       bank0        0000
__Hbank1                                       bank1        0000
__Hbank2                                       bank2        0000
__Hbank3                                       bank3        0000
__Hbank4                                       bank4        0000
__Hbank5                                       bank5        0000
__Hbank6                                       bank6        0000
__Hbank7                                       bank7        0000
__Hbigbss                                      bigbss       0000
__Hbigdata                                     bigdata      0000
__Hbigram                                      bigram       0000
__Hbigsfr                                      bigsfr       0000
__Hbss                                         bss          0000
__HbssBIGRAM                                   bssBIGRAM    0000
__HbssCOMRAM                                   bssCOMRAM    0000
__Hcinit                                       cinit        0000
__Hclrtext                                     clrtext      0000
__Hcomram                                      comram       0000
__Hconfig                                      config       0000
__Hconst                                       const        0000
__HcstackBANK0                                 cstackBANK0  0000
__HcstackCOMRAM                                cstackCOMRAM 0000
__Hdata                                        data         0000
__Heeprom_data                                 eeprom_data  0000
__Hfarbss                                      farbss       0000
__Hfardata                                     fardata      0000
__Hheap                                        heap         0000
__Hibigdata                                    ibigdata     0000
__Hidata                                       idata        0000
__Hidloc                                       idloc        0000
__Hifardata                                    ifardata     0000
__Hinit                                        init         0012
__Hintcode                                     intcode      000E
__Hintcode_body                                intcode_body 0000
__Hintcodelo                                   intcodelo    0018
__Hintentry                                    intentry     0000
__Hintret                                      intret       0000
__Hintsave_regs                                intsave_regs 0000
__Hirdata                                      irdata       0000
__Hmediumconst                                 mediumconst  0000
__HnvFARRAM                                    nvFARRAM     0000
__Hnvbit                                       nvbit        0000
__Hnvrram                                      nvrram       0000
__Hparam                                       rparam       0000
__Hpowerup                                     powerup      0000
__Hram                                         ram          0000
__Hramtop                                      ramtop       0800
__Hrbit                                        rbit         0000
__Hrbss                                        rbss         0000
__Hrdata                                       rdata        0000
__Hreset_vec                                   reset_vec    0004
__Hrparam                                      rparam       0000
__Hsfr                                         sfr          0000
__Hsivt_hi                                     sivt_hi      0000
__Hsivt_lo                                     sivt_lo      0018
__Hsmallconst                                  smallconst   0802
__Hspace_0                                     (abs)        1032
__Hspace_1                                     (abs)        02FC
__Hspace_2                                     (abs)        0000
__Hspace_4                                     (abs)        0000
__Hstack                                       stack        0000
__Hstruct                                      struct       0000
__Htemp                                        temp         003D
__Htext                                        text         0000
__Htext0                                       text0        0000
__Htext1                                       text1        0000
__Htext10                                      text10       0000
__Htext11                                      text11       0000
__Htext12                                      text12       0000
__Htext13                                      text13       0000
__Htext14                                      text14       0000
__Htext16                                      text16       0000
__Htext17                                      text17       0000
__Htext18                                      text18       0000
__Htext2                                       text2        0000
__Htext3                                       text3        0000
__Htext4                                       text4        0000
__Htext5                                       text5        0000
__Htext6                                       text6        0000
__Htext7                                       text7        0000
__Htext8                                       text8        0000
__Htext9                                       text9        0000
__LRAM                                         (abs)        0001
__L__absolute__                                __absolute__ 0000
__Labs1                                        abs1         0000
__Lbank0                                       bank0        0000
__Lbank1                                       bank1        0000
__Lbank2                                       bank2        0000
__Lbank3                                       bank3        0000
__Lbank4                                       bank4        0000
__Lbank5                                       bank5        0000
__Lbank6                                       bank6        0000
__Lbank7                                       bank7        0000
__Lbigbss                                      bigbss       0000
__Lbigdata                                     bigdata      0000
__Lbigram                                      bigram       0000
__Lbigsfr                                      bigsfr       0000
__Lbss                                         bss          0000
__LbssBIGRAM                                   bssBIGRAM    0000
__LbssCOMRAM                                   bssCOMRAM    0000
__Lcinit                                       cinit        0000
__Lclrtext                                     clrtext      0000
__Lcomram                                      comram       0000
__Lconfig                                      config       0000
__Lconst                                       const        0000
__LcstackBANK0                                 cstackBANK0  0000
__LcstackCOMRAM                                cstackCOMRAM 0000
__Ldata                                        data         0000
__Leeprom_data                                 eeprom_data  0000
__Lfarbss                                      farbss       0000
__Lfardata                                     fardata      0000
__Lheap                                        heap         0000
__Libigdata                                    ibigdata     0000
__Lidata                                       idata        0000
__Lidloc                                       idloc        0000
__Lifardata                                    ifardata     0000
__Linit                                        init         000E
__Lintcode                                     intcode      0008
__Lintcode_body                                intcode_body 0000
__Lintcodelo                                   intcodelo    0018
__Lintentry                                    intentry     0000
__Lintret                                      intret       0000
__Lintsave_regs                                intsave_regs 0000
__Lirdata                                      irdata       0000
__Lmediumconst                                 mediumconst  0000
__LnvFARRAM                                    nvFARRAM     0000
__Lnvbit                                       nvbit        0000
__Lnvrram                                      nvrram       0000
__Lparam                                       rparam       0000
__Lpowerup                                     powerup      0000
__Lram                                         ram          0000
__Lramtop                                      ramtop       0800
__Lrbit                                        rbit         0000
__Lrbss                                        rbss         0000
__Lrdata                                       rdata        0000
__Lreset_vec                                   reset_vec    0000
__Lrparam                                      rparam       0000
__Lsfr                                         sfr          0000
__Lsivt_hi                                     sivt_hi      0000
__Lsivt_lo                                     sivt_lo      0018
__Lsmallconst                                  smallconst   0800
__Lspace_0                                     (abs)        0000
__Lspace_1                                     (abs)        0000
__Lspace_2                                     (abs)        0000
__Lspace_4                                     (abs)        0000
__Lstack                                       stack        0000
__Lstruct                                      struct       0000
__Ltemp                                        temp         003C
__Ltext                                        text         0000
__Ltext0                                       text0        0000
__Ltext1                                       text1        0000
__Ltext10                                      text10       0000
__Ltext11                                      text11       0000
__Ltext12                                      text12       0000
__Ltext13                                      text13       0000
__Ltext14                                      text14       0000
__Ltext16                                      text16       0000
__Ltext17                                      text17       0000
__Ltext18                                      text18       0000
__Ltext2                                       text2        0000
__Ltext3                                       text3        0000
__Ltext4                                       text4        0000
__Ltext5                                       text5        0000
__Ltext6                                       text6        0000
__Ltext7                                       text7        0000
__Ltext8                                       text8        0000
__Ltext9                                       text9        0000
__S0                                           (abs)        1032
__S1                                           (abs)        02FC
__S4                                           (abs)        0000
__S5                                           (abs)        0000
___heap_hi                                     (abs)        0000
___heap_lo                                     (abs)        0000
___inthi_sp                                    stack        0000
___inthi_stack_hi                              stack        0000
___inthi_stack_lo                              stack        0000
___intlo_sp                                    stack        0000
___intlo_stack_hi                              stack        0000
___intlo_stack_lo                              stack        0000
___param_bank                                  (abs)        0000
___rparam_used                                 (abs)        0001
___sp                                          stack        0000
___stack_hi                                    stack        0000
___stack_lo                                    stack        0000
__accesstop                                    (abs)        0060
__activetblptr                                 (abs)        0000
__end_of_ISR_TIMER_0                           intcode_body 0A8C
__end_of__initialization                       cinit        0F74
__end_of_conf_interrupts                       text5        1032
__end_of_conf_timer_0                          text4        0FE8
__end_of_config_app                            text2        1000
__end_of_main                                  text0        0ECE
__end_of_motors_control                        text9        0F28
__end_of_mutex_init                            text3        0FCC
__end_of_mutex_lock                            text11       0DC0
__end_of_mutex_unlock                          text10       0B7A
__end_of_os_config                             text6        0FA6
__end_of_os_create_task                        text7        0E96
__end_of_os_idle_task                          text8        0EFC
__end_of_os_start                              text1        1010
__end_of_os_task_time_decrease                 text18       0E48
__end_of_priority_scheduler                    text13       0C4E
__end_of_scheduler                             text12       1020
__end_of_sensors_reading                       text14       0F54
__end_ofi2_priority_scheduler                  text17       0D20
__end_ofi2_scheduler                           text16       102E
__initialization                               cinit        0F54
__mediumconst                                  smallconst   0800
__pbssBIGRAM                                   bssBIGRAM    00E7
__pbssCOMRAM                                   bssCOMRAM    0001
__pcinit                                       cinit        0F54
__pcstackBANK0                                 cstackBANK0  0060
__pcstackCOMRAM                                cstackCOMRAM 001F
__pintcode                                     intcode      0008
__pintcode_body                                intcode_body 0802
__psmallconst                                  smallconst   0800
__ptext0                                       text0        0E96
__ptext1                                       text1        1000
__ptext10                                      text10       0A8C
__ptext11                                      text11       0D20
__ptext12                                      text12       1010
__ptext13                                      text13       0B7A
__ptext14                                      text14       0F28
__ptext16                                      text16       1020
__ptext17                                      text17       0C4E
__ptext18                                      text18       0DC0
__ptext2                                       text2        0FE8
__ptext3                                       text3        0FA6
__ptext4                                       text4        0FCC
__ptext5                                       text5        102E
__ptext6                                       text6        0F7E
__ptext7                                       text7        0E48
__ptext8                                       text8        0ECE
__ptext9                                       text9        0EFC
__ramtop                                       ramtop       0800
__smallconst                                   smallconst   0800
_conf_interrupts                               text5        102E
_conf_timer_0                                  text4        0FCC
_config_app                                    text2        0FE8
_main                                          text0        0E96
_motors_control                                text9        0EFC
_motors_data                                   bssCOMRAM    0001
_mutex                                         bssCOMRAM    0011
_mutex_init                                    text3        0FA6
_mutex_lock                                    text11       0D20
_mutex_unlock                                  text10       0A8C
_os_config                                     text6        0F7E
_os_create_task                                text7        0E48
_os_idle_task                                  text8        0ECE
_os_start                                      text1        1000
_os_task_time_decrease                         text18       0DC0
_priority_scheduler                            text13       0B7A
_readyQueue                                    bssBIGRAM    00E7
_scheduler                                     text12       1010
_sensors_reading                               text14       0F28
btemp                                          temp         003C
end_of_initialization                          cinit        0F74
i2_priority_scheduler                          text17       0C4E
i2_scheduler                                   text16       1020
i2priority_scheduler@highest_priority          cstackCOMRAM 0024
i2priority_scheduler@i                         cstackCOMRAM 0026
i2priority_scheduler@pos_highest_priority_task cstackCOMRAM 0025
int$flags                                      temp         003C
int_func                                       intcode_body 0802
intlevel0                                      text         0000
intlevel1                                      text         0000
intlevel2                                      text         0000
intlevel3                                      text         0000
isa$std                                        (abs)        0001
isa$xinst                                      (abs)        0000
mutex_init@mutex                               cstackBANK0  0078
mutex_lock@mutex                               cstackBANK0  0074
mutex_unlock@i                                 cstackCOMRAM 003A
mutex_unlock@mutex                             cstackBANK0  0072
mutex_unlock@task                              cstackCOMRAM 0038
os_create_task@id                              cstackBANK0  007C
os_create_task@new_task                        cstackBANK0  007D
os_create_task@prior                           cstackBANK0  007A
os_create_task@task_f                          cstackBANK0  0078
os_task_time_decrease@i                        cstackCOMRAM 0020
priority_scheduler@highest_priority            cstackCOMRAM 0038
priority_scheduler@i                           cstackCOMRAM 003A
priority_scheduler@pos_highest_priority_task   cstackCOMRAM 0039
stackhi                                        (abs)        0000
stacklo                                        (abs)        0000
start                                          init         000E
start_initialization                           cinit        0F54
ttemp5                                         temp         003D
ttemp6                                         temp         0040
ttemp7                                         temp         0044
wtemp8                                         temp         003D


MODULE INFORMATION

Module		Function		Class		Link	Load	Size
mutex.c
		_mutex_lock    		CODE           	0D20	0000	160
		_mutex_unlock  		CODE           	0A8C	0000	238
		_mutex_init    		CODE           	0FA6	0000	38

mutex.c estimated size: 436

kernel.c
		_os_config     		CODE           	0F7E	0000	40
		_os_start      		CODE           	1000	0000	16
		_os_task_time_decrease		CODE           	0DC0	0000	136
		_os_idle_task  		CODE           	0ECE	0000	46

kernel.c estimated size: 238

shared
		__initialization		CODE           	0F54	0000	32
		i2_scheduler   		CODE           	1020	0000	14
		i2_priority_scheduler		CODE           	0C4E	0000	210

shared estimated size: 256

hardware.c
		_conf_timer_0  		CODE           	0FCC	0000	28
		_conf_interrupts		CODE           	102E	0000	4
		_ISR_TIMER_0   		CODE           	0008	0000	656

hardware.c estimated size: 688

scheduler.c
		_priority_scheduler		CODE           	0B7A	0000	212
		_scheduler     		CODE           	1010	0000	16

scheduler.c estimated size: 228

main.c
		_main          		CODE           	0E96	0000	56

main.c estimated size: 56

syscall.c
		_os_create_task		CODE           	0E48	0000	78

syscall.c estimated size: 78

user_app.c
		_sensors_reading		CODE           	0F28	0000	44
		_config_app    		CODE           	0FE8	0000	24
		_motors_control		CODE           	0EFC	0000	44

user_app.c estimated size: 112

